// Jest Snapshot v1, https://goo.gl/fbAQLP

exports[`app coverage generation excludes files when the configuration is set 1`] = `
Object {
  "app/app.js": Object {
    "branches": Object {
      "covered": 0,
      "pct": 100,
      "skipped": 0,
      "total": 0,
    },
    "functions": Object {
      "covered": 0,
      "pct": 100,
      "skipped": 0,
      "total": 0,
    },
    "lines": Object {
      "covered": 4,
      "pct": 100,
      "skipped": 0,
      "total": 4,
    },
    "statements": Object {
      "covered": 4,
      "pct": 100,
      "skipped": 0,
      "total": 4,
    },
  },
  "app/components/covered-component.hbs": Object {
    "branches": Object {
      "covered": 0,
      "pct": 0,
      "skipped": 0,
      "total": 2,
    },
    "functions": Object {
      "covered": 0,
      "pct": 100,
      "skipped": 0,
      "total": 0,
    },
    "lines": Object {
      "covered": 2,
      "pct": 66.67,
      "skipped": 0,
      "total": 3,
    },
    "statements": Object {
      "covered": 2,
      "pct": 66.67,
      "skipped": 0,
      "total": 3,
    },
  },
  "app/components/uncovered-component.hbs": Object {
    "branches": Object {
      "covered": 0,
      "pct": 0,
      "skipped": 0,
      "total": 0,
    },
    "functions": Object {
      "covered": 0,
      "pct": 0,
      "skipped": 0,
      "total": 0,
    },
    "lines": Object {
      "covered": 0,
      "pct": 0,
      "skipped": 0,
      "total": 0,
    },
    "statements": Object {
      "covered": 0,
      "pct": 0,
      "skipped": 0,
      "total": 0,
    },
  },
  "app/router.js": Object {
    "branches": Object {
      "covered": 0,
      "pct": 100,
      "skipped": 0,
      "total": 0,
    },
    "functions": Object {
      "covered": 1,
      "pct": 100,
      "skipped": 0,
      "total": 1,
    },
    "lines": Object {
      "covered": 3,
      "pct": 100,
      "skipped": 0,
      "total": 3,
    },
    "statements": Object {
      "covered": 3,
      "pct": 100,
      "skipped": 0,
      "total": 3,
    },
  },
  "app/templates/application.hbs": Object {
    "branches": Object {
      "covered": 0,
      "pct": 0,
      "skipped": 0,
      "total": 4,
    },
    "functions": Object {
      "covered": 0,
      "pct": 100,
      "skipped": 0,
      "total": 0,
    },
    "lines": Object {
      "covered": 3,
      "pct": 100,
      "skipped": 0,
      "total": 3,
    },
    "statements": Object {
      "covered": 3,
      "pct": 100,
      "skipped": 0,
      "total": 3,
    },
  },
  "app/utils/my-covered-util.js": Object {
    "branches": Object {
      "covered": 0,
      "pct": 100,
      "skipped": 0,
      "total": 0,
    },
    "functions": Object {
      "covered": 1,
      "pct": 100,
      "skipped": 0,
      "total": 1,
    },
    "lines": Object {
      "covered": 1,
      "pct": 100,
      "skipped": 0,
      "total": 1,
    },
    "statements": Object {
      "covered": 1,
      "pct": 100,
      "skipped": 0,
      "total": 1,
    },
  },
  "app/utils/my-uncovered-util.js": Object {
    "branches": Object {
      "covered": 0,
      "pct": 0,
      "skipped": 0,
      "total": 0,
    },
    "functions": Object {
      "covered": 0,
      "pct": 0,
      "skipped": 0,
      "total": 0,
    },
    "lines": Object {
      "covered": 0,
      "pct": 0,
      "skipped": 0,
      "total": 0,
    },
    "statements": Object {
      "covered": 0,
      "pct": 0,
      "skipped": 0,
      "total": 0,
    },
  },
  "total": Object {
    "branches": Object {
      "covered": 0,
      "pct": 0,
      "skipped": 0,
      "total": 6,
    },
    "functions": Object {
      "covered": 2,
      "pct": 100,
      "skipped": 0,
      "total": 2,
    },
    "lines": Object {
      "covered": 13,
      "pct": 92.86,
      "skipped": 0,
      "total": 14,
    },
    "statements": Object {
      "covered": 13,
      "pct": 92.86,
      "skipped": 0,
      "total": 14,
    },
  },
}
`;

exports[`app coverage generation merges coverage when tests are run in parallel 1`] = `
Object {
  "app/app.js": Object {
    "branches": Object {
      "covered": 0,
      "pct": 100,
      "skipped": 0,
      "total": 0,
    },
    "functions": Object {
      "covered": 0,
      "pct": 100,
      "skipped": 0,
      "total": 0,
    },
    "lines": Object {
      "covered": 4,
      "pct": 100,
      "skipped": 0,
      "total": 4,
    },
    "statements": Object {
      "covered": 4,
      "pct": 100,
      "skipped": 0,
      "total": 4,
    },
  },
  "app/components/covered-component.hbs": Object {
    "branches": Object {
      "covered": 0,
      "pct": 0,
      "skipped": 0,
      "total": 2,
    },
    "functions": Object {
      "covered": 0,
      "pct": 100,
      "skipped": 0,
      "total": 0,
    },
    "lines": Object {
      "covered": 2,
      "pct": 66.67,
      "skipped": 0,
      "total": 3,
    },
    "statements": Object {
      "covered": 2,
      "pct": 66.67,
      "skipped": 0,
      "total": 3,
    },
  },
  "app/components/uncovered-component.hbs": Object {
    "branches": Object {
      "covered": 0,
      "pct": 0,
      "skipped": 0,
      "total": 0,
    },
    "functions": Object {
      "covered": 0,
      "pct": 0,
      "skipped": 0,
      "total": 0,
    },
    "lines": Object {
      "covered": 0,
      "pct": 0,
      "skipped": 0,
      "total": 0,
    },
    "statements": Object {
      "covered": 0,
      "pct": 0,
      "skipped": 0,
      "total": 0,
    },
  },
  "app/router.js": Object {
    "branches": Object {
      "covered": 0,
      "pct": 100,
      "skipped": 0,
      "total": 0,
    },
    "functions": Object {
      "covered": 1,
      "pct": 100,
      "skipped": 0,
      "total": 1,
    },
    "lines": Object {
      "covered": 3,
      "pct": 100,
      "skipped": 0,
      "total": 3,
    },
    "statements": Object {
      "covered": 3,
      "pct": 100,
      "skipped": 0,
      "total": 3,
    },
  },
  "app/templates/application.hbs": Object {
    "branches": Object {
      "covered": 0,
      "pct": 0,
      "skipped": 0,
      "total": 4,
    },
    "functions": Object {
      "covered": 0,
      "pct": 100,
      "skipped": 0,
      "total": 0,
    },
    "lines": Object {
      "covered": 3,
      "pct": 100,
      "skipped": 0,
      "total": 3,
    },
    "statements": Object {
      "covered": 3,
      "pct": 100,
      "skipped": 0,
      "total": 3,
    },
  },
  "app/utils/my-covered-util.js": Object {
    "branches": Object {
      "covered": 0,
      "pct": 100,
      "skipped": 0,
      "total": 0,
    },
    "functions": Object {
      "covered": 1,
      "pct": 100,
      "skipped": 0,
      "total": 1,
    },
    "lines": Object {
      "covered": 1,
      "pct": 100,
      "skipped": 0,
      "total": 1,
    },
    "statements": Object {
      "covered": 1,
      "pct": 100,
      "skipped": 0,
      "total": 1,
    },
  },
  "app/utils/my-uncovered-util.js": Object {
    "branches": Object {
      "covered": 0,
      "pct": 100,
      "skipped": 0,
      "total": 0,
    },
    "functions": Object {
      "covered": 0,
      "pct": 0,
      "skipped": 0,
      "total": 1,
    },
    "lines": Object {
      "covered": 0,
      "pct": 0,
      "skipped": 0,
      "total": 1,
    },
    "statements": Object {
      "covered": 0,
      "pct": 0,
      "skipped": 0,
      "total": 1,
    },
  },
  "total": Object {
    "branches": Object {
      "covered": 0,
      "pct": 0,
      "skipped": 0,
      "total": 6,
    },
    "functions": Object {
      "covered": 2,
      "pct": 66.67,
      "skipped": 0,
      "total": 3,
    },
    "lines": Object {
      "covered": 13,
      "pct": 86.67,
      "skipped": 0,
      "total": 15,
    },
    "statements": Object {
      "covered": 13,
      "pct": 86.67,
      "skipped": 0,
      "total": 15,
    },
  },
}
`;

exports[`app coverage generation runs coverage when a module has an import error 1`] = `
Object {
  "app/app.js": Object {
    "branches": Object {
      "covered": 0,
      "pct": 100,
      "skipped": 0,
      "total": 0,
    },
    "functions": Object {
      "covered": 0,
      "pct": 100,
      "skipped": 0,
      "total": 0,
    },
    "lines": Object {
      "covered": 4,
      "pct": 100,
      "skipped": 0,
      "total": 4,
    },
    "statements": Object {
      "covered": 4,
      "pct": 100,
      "skipped": 0,
      "total": 4,
    },
  },
  "app/components/covered-component.hbs": Object {
    "branches": Object {
      "covered": 0,
      "pct": 0,
      "skipped": 0,
      "total": 2,
    },
    "functions": Object {
      "covered": 0,
      "pct": 100,
      "skipped": 0,
      "total": 0,
    },
    "lines": Object {
      "covered": 2,
      "pct": 66.67,
      "skipped": 0,
      "total": 3,
    },
    "statements": Object {
      "covered": 2,
      "pct": 66.67,
      "skipped": 0,
      "total": 3,
    },
  },
  "app/components/uncovered-component.hbs": Object {
    "branches": Object {
      "covered": 0,
      "pct": 0,
      "skipped": 0,
      "total": 0,
    },
    "functions": Object {
      "covered": 0,
      "pct": 0,
      "skipped": 0,
      "total": 0,
    },
    "lines": Object {
      "covered": 0,
      "pct": 0,
      "skipped": 0,
      "total": 0,
    },
    "statements": Object {
      "covered": 0,
      "pct": 0,
      "skipped": 0,
      "total": 0,
    },
  },
  "app/error-module.js": Object {
    "branches": Object {
      "covered": 0,
      "pct": 100,
      "skipped": 0,
      "total": 0,
    },
    "functions": Object {
      "covered": 0,
      "pct": 100,
      "skipped": 0,
      "total": 0,
    },
    "lines": Object {
      "covered": 1,
      "pct": 100,
      "skipped": 0,
      "total": 1,
    },
    "statements": Object {
      "covered": 1,
      "pct": 100,
      "skipped": 0,
      "total": 1,
    },
  },
  "app/router.js": Object {
    "branches": Object {
      "covered": 0,
      "pct": 100,
      "skipped": 0,
      "total": 0,
    },
    "functions": Object {
      "covered": 1,
      "pct": 100,
      "skipped": 0,
      "total": 1,
    },
    "lines": Object {
      "covered": 3,
      "pct": 100,
      "skipped": 0,
      "total": 3,
    },
    "statements": Object {
      "covered": 3,
      "pct": 100,
      "skipped": 0,
      "total": 3,
    },
  },
  "app/templates/application.hbs": Object {
    "branches": Object {
      "covered": 0,
      "pct": 0,
      "skipped": 0,
      "total": 4,
    },
    "functions": Object {
      "covered": 0,
      "pct": 100,
      "skipped": 0,
      "total": 0,
    },
    "lines": Object {
      "covered": 3,
      "pct": 100,
      "skipped": 0,
      "total": 3,
    },
    "statements": Object {
      "covered": 3,
      "pct": 100,
      "skipped": 0,
      "total": 3,
    },
  },
  "app/utils/my-covered-util.js": Object {
    "branches": Object {
      "covered": 0,
      "pct": 100,
      "skipped": 0,
      "total": 0,
    },
    "functions": Object {
      "covered": 1,
      "pct": 100,
      "skipped": 0,
      "total": 1,
    },
    "lines": Object {
      "covered": 1,
      "pct": 100,
      "skipped": 0,
      "total": 1,
    },
    "statements": Object {
      "covered": 1,
      "pct": 100,
      "skipped": 0,
      "total": 1,
    },
  },
  "app/utils/my-uncovered-util.js": Object {
    "branches": Object {
      "covered": 0,
      "pct": 100,
      "skipped": 0,
      "total": 0,
    },
    "functions": Object {
      "covered": 0,
      "pct": 0,
      "skipped": 0,
      "total": 1,
    },
    "lines": Object {
      "covered": 0,
      "pct": 0,
      "skipped": 0,
      "total": 1,
    },
    "statements": Object {
      "covered": 0,
      "pct": 0,
      "skipped": 0,
      "total": 1,
    },
  },
  "total": Object {
    "branches": Object {
      "covered": 0,
      "pct": 0,
      "skipped": 0,
      "total": 6,
    },
    "functions": Object {
      "covered": 2,
      "pct": 66.67,
      "skipped": 0,
      "total": 3,
    },
    "lines": Object {
      "covered": 14,
      "pct": 87.5,
      "skipped": 0,
      "total": 16,
    },
    "statements": Object {
      "covered": 14,
      "pct": 87.5,
      "skipped": 0,
      "total": 16,
    },
  },
}
`;

exports[`app coverage generation runs coverage when env var is set 1`] = `
Object {
  "app/app.js": Object {
    "branches": Object {
      "covered": 0,
      "pct": 100,
      "skipped": 0,
      "total": 0,
    },
    "functions": Object {
      "covered": 0,
      "pct": 100,
      "skipped": 0,
      "total": 0,
    },
    "lines": Object {
      "covered": 4,
      "pct": 100,
      "skipped": 0,
      "total": 4,
    },
    "statements": Object {
      "covered": 4,
      "pct": 100,
      "skipped": 0,
      "total": 4,
    },
  },
  "app/components/covered-component.hbs": Object {
    "branches": Object {
      "covered": 0,
      "pct": 0,
      "skipped": 0,
      "total": 2,
    },
    "functions": Object {
      "covered": 0,
      "pct": 100,
      "skipped": 0,
      "total": 0,
    },
    "lines": Object {
      "covered": 2,
      "pct": 66.67,
      "skipped": 0,
      "total": 3,
    },
    "statements": Object {
      "covered": 2,
      "pct": 66.67,
      "skipped": 0,
      "total": 3,
    },
  },
  "app/components/uncovered-component.hbs": Object {
    "branches": Object {
      "covered": 0,
      "pct": 0,
      "skipped": 0,
      "total": 0,
    },
    "functions": Object {
      "covered": 0,
      "pct": 0,
      "skipped": 0,
      "total": 0,
    },
    "lines": Object {
      "covered": 0,
      "pct": 0,
      "skipped": 0,
      "total": 0,
    },
    "statements": Object {
      "covered": 0,
      "pct": 0,
      "skipped": 0,
      "total": 0,
    },
  },
  "app/router.js": Object {
    "branches": Object {
      "covered": 0,
      "pct": 100,
      "skipped": 0,
      "total": 0,
    },
    "functions": Object {
      "covered": 1,
      "pct": 100,
      "skipped": 0,
      "total": 1,
    },
    "lines": Object {
      "covered": 3,
      "pct": 100,
      "skipped": 0,
      "total": 3,
    },
    "statements": Object {
      "covered": 3,
      "pct": 100,
      "skipped": 0,
      "total": 3,
    },
  },
  "app/templates/application.hbs": Object {
    "branches": Object {
      "covered": 0,
      "pct": 0,
      "skipped": 0,
      "total": 4,
    },
    "functions": Object {
      "covered": 0,
      "pct": 100,
      "skipped": 0,
      "total": 0,
    },
    "lines": Object {
      "covered": 3,
      "pct": 100,
      "skipped": 0,
      "total": 3,
    },
    "statements": Object {
      "covered": 3,
      "pct": 100,
      "skipped": 0,
      "total": 3,
    },
  },
  "app/utils/my-covered-util.js": Object {
    "branches": Object {
      "covered": 0,
      "pct": 100,
      "skipped": 0,
      "total": 0,
    },
    "functions": Object {
      "covered": 1,
      "pct": 100,
      "skipped": 0,
      "total": 1,
    },
    "lines": Object {
      "covered": 1,
      "pct": 100,
      "skipped": 0,
      "total": 1,
    },
    "statements": Object {
      "covered": 1,
      "pct": 100,
      "skipped": 0,
      "total": 1,
    },
  },
  "app/utils/my-uncovered-util.js": Object {
    "branches": Object {
      "covered": 0,
      "pct": 100,
      "skipped": 0,
      "total": 0,
    },
    "functions": Object {
      "covered": 0,
      "pct": 0,
      "skipped": 0,
      "total": 1,
    },
    "lines": Object {
      "covered": 0,
      "pct": 0,
      "skipped": 0,
      "total": 1,
    },
    "statements": Object {
      "covered": 0,
      "pct": 0,
      "skipped": 0,
      "total": 1,
    },
  },
  "total": Object {
    "branches": Object {
      "covered": 0,
      "pct": 0,
      "skipped": 0,
      "total": 6,
    },
    "functions": Object {
      "covered": 2,
      "pct": 66.67,
      "skipped": 0,
      "total": 3,
    },
    "lines": Object {
      "covered": 13,
      "pct": 86.67,
      "skipped": 0,
      "total": 15,
    },
    "statements": Object {
      "covered": 13,
      "pct": 86.67,
      "skipped": 0,
      "total": 15,
    },
  },
}
`;

exports[`app coverage generation uses nested coverageFolder and parallel configuration and run merge-coverage 1`] = `
Object {
  "app/app.js": Object {
    "branches": Object {
      "covered": 0,
      "pct": 100,
      "skipped": 0,
      "total": 0,
    },
    "functions": Object {
      "covered": 0,
      "pct": 100,
      "skipped": 0,
      "total": 0,
    },
    "lines": Object {
      "covered": 4,
      "pct": 100,
      "skipped": 0,
      "total": 4,
    },
    "statements": Object {
      "covered": 4,
      "pct": 100,
      "skipped": 0,
      "total": 4,
    },
  },
  "app/components/covered-component.hbs": Object {
    "branches": Object {
      "covered": 0,
      "pct": 0,
      "skipped": 0,
      "total": 2,
    },
    "functions": Object {
      "covered": 0,
      "pct": 100,
      "skipped": 0,
      "total": 0,
    },
    "lines": Object {
      "covered": 2,
      "pct": 66.67,
      "skipped": 0,
      "total": 3,
    },
    "statements": Object {
      "covered": 2,
      "pct": 66.67,
      "skipped": 0,
      "total": 3,
    },
  },
  "app/components/uncovered-component.hbs": Object {
    "branches": Object {
      "covered": 0,
      "pct": 0,
      "skipped": 0,
      "total": 0,
    },
    "functions": Object {
      "covered": 0,
      "pct": 0,
      "skipped": 0,
      "total": 0,
    },
    "lines": Object {
      "covered": 0,
      "pct": 0,
      "skipped": 0,
      "total": 0,
    },
    "statements": Object {
      "covered": 0,
      "pct": 0,
      "skipped": 0,
      "total": 0,
    },
  },
  "app/router.js": Object {
    "branches": Object {
      "covered": 0,
      "pct": 100,
      "skipped": 0,
      "total": 0,
    },
    "functions": Object {
      "covered": 1,
      "pct": 100,
      "skipped": 0,
      "total": 1,
    },
    "lines": Object {
      "covered": 3,
      "pct": 100,
      "skipped": 0,
      "total": 3,
    },
    "statements": Object {
      "covered": 3,
      "pct": 100,
      "skipped": 0,
      "total": 3,
    },
  },
  "app/templates/application.hbs": Object {
    "branches": Object {
      "covered": 0,
      "pct": 0,
      "skipped": 0,
      "total": 4,
    },
    "functions": Object {
      "covered": 0,
      "pct": 100,
      "skipped": 0,
      "total": 0,
    },
    "lines": Object {
      "covered": 3,
      "pct": 100,
      "skipped": 0,
      "total": 3,
    },
    "statements": Object {
      "covered": 3,
      "pct": 100,
      "skipped": 0,
      "total": 3,
    },
  },
  "app/utils/my-covered-util.js": Object {
    "branches": Object {
      "covered": 0,
      "pct": 100,
      "skipped": 0,
      "total": 0,
    },
    "functions": Object {
      "covered": 1,
      "pct": 100,
      "skipped": 0,
      "total": 1,
    },
    "lines": Object {
      "covered": 1,
      "pct": 100,
      "skipped": 0,
      "total": 1,
    },
    "statements": Object {
      "covered": 1,
      "pct": 100,
      "skipped": 0,
      "total": 1,
    },
  },
  "app/utils/my-uncovered-util.js": Object {
    "branches": Object {
      "covered": 0,
      "pct": 100,
      "skipped": 0,
      "total": 0,
    },
    "functions": Object {
      "covered": 0,
      "pct": 0,
      "skipped": 0,
      "total": 1,
    },
    "lines": Object {
      "covered": 0,
      "pct": 0,
      "skipped": 0,
      "total": 1,
    },
    "statements": Object {
      "covered": 0,
      "pct": 0,
      "skipped": 0,
      "total": 1,
    },
  },
  "total": Object {
    "branches": Object {
      "covered": 0,
      "pct": 0,
      "skipped": 0,
      "total": 6,
    },
    "functions": Object {
      "covered": 2,
      "pct": 66.67,
      "skipped": 0,
      "total": 3,
    },
    "lines": Object {
      "covered": 13,
      "pct": 86.67,
      "skipped": 0,
      "total": 15,
    },
    "statements": Object {
      "covered": 13,
      "pct": 86.67,
      "skipped": 0,
      "total": 15,
    },
  },
}
`;

exports[`app coverage generation uses parallel configuration and merges coverage when merge-coverage command is issued 1`] = `
Object {
  "app/app.js": Object {
    "branches": Object {
      "covered": 0,
      "pct": 100,
      "skipped": 0,
      "total": 0,
    },
    "functions": Object {
      "covered": 0,
      "pct": 100,
      "skipped": 0,
      "total": 0,
    },
    "lines": Object {
      "covered": 4,
      "pct": 100,
      "skipped": 0,
      "total": 4,
    },
    "statements": Object {
      "covered": 4,
      "pct": 100,
      "skipped": 0,
      "total": 4,
    },
  },
  "app/components/covered-component.hbs": Object {
    "branches": Object {
      "covered": 0,
      "pct": 0,
      "skipped": 0,
      "total": 2,
    },
    "functions": Object {
      "covered": 0,
      "pct": 100,
      "skipped": 0,
      "total": 0,
    },
    "lines": Object {
      "covered": 2,
      "pct": 66.67,
      "skipped": 0,
      "total": 3,
    },
    "statements": Object {
      "covered": 2,
      "pct": 66.67,
      "skipped": 0,
      "total": 3,
    },
  },
  "app/components/uncovered-component.hbs": Object {
    "branches": Object {
      "covered": 0,
      "pct": 0,
      "skipped": 0,
      "total": 0,
    },
    "functions": Object {
      "covered": 0,
      "pct": 0,
      "skipped": 0,
      "total": 0,
    },
    "lines": Object {
      "covered": 0,
      "pct": 0,
      "skipped": 0,
      "total": 0,
    },
    "statements": Object {
      "covered": 0,
      "pct": 0,
      "skipped": 0,
      "total": 0,
    },
  },
  "app/router.js": Object {
    "branches": Object {
      "covered": 0,
      "pct": 100,
      "skipped": 0,
      "total": 0,
    },
    "functions": Object {
      "covered": 1,
      "pct": 100,
      "skipped": 0,
      "total": 1,
    },
    "lines": Object {
      "covered": 3,
      "pct": 100,
      "skipped": 0,
      "total": 3,
    },
    "statements": Object {
      "covered": 3,
      "pct": 100,
      "skipped": 0,
      "total": 3,
    },
  },
  "app/templates/application.hbs": Object {
    "branches": Object {
      "covered": 0,
      "pct": 0,
      "skipped": 0,
      "total": 4,
    },
    "functions": Object {
      "covered": 0,
      "pct": 100,
      "skipped": 0,
      "total": 0,
    },
    "lines": Object {
      "covered": 3,
      "pct": 100,
      "skipped": 0,
      "total": 3,
    },
    "statements": Object {
      "covered": 3,
      "pct": 100,
      "skipped": 0,
      "total": 3,
    },
  },
  "app/utils/my-covered-util.js": Object {
    "branches": Object {
      "covered": 0,
      "pct": 100,
      "skipped": 0,
      "total": 0,
    },
    "functions": Object {
      "covered": 1,
      "pct": 100,
      "skipped": 0,
      "total": 1,
    },
    "lines": Object {
      "covered": 1,
      "pct": 100,
      "skipped": 0,
      "total": 1,
    },
    "statements": Object {
      "covered": 1,
      "pct": 100,
      "skipped": 0,
      "total": 1,
    },
  },
  "app/utils/my-uncovered-util.js": Object {
    "branches": Object {
      "covered": 0,
      "pct": 100,
      "skipped": 0,
      "total": 0,
    },
    "functions": Object {
      "covered": 0,
      "pct": 0,
      "skipped": 0,
      "total": 1,
    },
    "lines": Object {
      "covered": 0,
      "pct": 0,
      "skipped": 0,
      "total": 1,
    },
    "statements": Object {
      "covered": 0,
      "pct": 0,
      "skipped": 0,
      "total": 1,
    },
  },
  "total": Object {
    "branches": Object {
      "covered": 0,
      "pct": 0,
      "skipped": 0,
      "total": 6,
    },
    "functions": Object {
      "covered": 2,
      "pct": 66.67,
      "skipped": 0,
      "total": 3,
    },
    "lines": Object {
      "covered": 13,
      "pct": 86.67,
      "skipped": 0,
      "total": 15,
    },
    "statements": Object {
      "covered": 13,
      "pct": 86.67,
      "skipped": 0,
      "total": 15,
    },
  },
}
`;
